2026-02-22 22:15:04,499 - DEBUG: ChrootedSFTPServer initialized for davide in /mnt/nvme/naszuin/davide
2026-02-22 22:15:04,560 - DEBUG: session_started called
2026-02-22 22:15:04,566 - DEBUG: canonicalize path=
2026-02-22 22:15:04,571 - DEBUG: stat path=/.
2026-02-22 22:15:04,609 - DEBUG: stat path=/.
2026-02-22 22:15:04,617 - DEBUG: stat path=/.
2026-02-22 22:15:04,621 - DEBUG: list_folder path=/.
2026-02-22 22:15:04,624 - DEBUG: DB size lookup for Prova Logo 3 - 2 pezzi.stl: 1093284 bytes
2026-02-22 22:15:42,137 - DEBUG: session_ended called
2026-03-13 12:35:29,958 - DEBUG: ChrootedSFTPServer initialized for davide in /mnt/nvme/naszuin/davide
2026-03-13 12:35:30,157 - DEBUG: session_started called
2026-03-13 12:35:30,210 - DEBUG: canonicalize path=
2026-03-13 12:35:30,270 - DEBUG: stat path=/.
2026-03-13 12:35:30,349 - DEBUG: stat path=/.
2026-03-13 12:35:30,409 - DEBUG: stat path=/.
2026-03-13 12:35:30,470 - DEBUG: list_folder path=/.
2026-03-13 12:35:30,487 - DEBUG: DB size lookup for Prova Logo 3 - 2 pezzi.stl: 1093284 bytes
2026-03-13 12:35:34,717 - DEBUG: stat path=/zenfone6
2026-03-13 12:35:34,790 - DEBUG: stat path=/zenfone6
2026-03-13 12:35:34,850 - DEBUG: stat path=/zenfone6
2026-03-13 12:35:34,910 - DEBUG: list_folder path=/zenfone6
2026-03-13 12:35:36,390 - DEBUG: stat path=/zenfone6/camera
2026-03-13 12:35:36,505 - DEBUG: stat path=/zenfone6/camera
2026-03-13 12:35:36,557 - DEBUG: stat path=/zenfone6/camera
2026-03-13 12:35:36,636 - DEBUG: list_folder path=/zenfone6/camera
2026-03-13 12:36:58,850 - DEBUG: stat path=/zenfone6
2026-03-13 12:36:58,917 - DEBUG: stat path=/zenfone6
2026-03-13 12:36:58,977 - DEBUG: stat path=/zenfone6
2026-03-13 12:36:59,037 - DEBUG: list_folder path=/zenfone6
2026-03-13 12:36:59,350 - DEBUG: stat path=/zenfone6/camera
2026-03-13 12:36:59,470 - DEBUG: stat path=/zenfone6/camera
2026-03-13 12:36:59,570 - DEBUG: stat path=/zenfone6/camera
2026-03-13 12:36:59,657 - DEBUG: stat path=/zenfone6/camera
2026-03-13 12:36:59,849 - DEBUG: stat path=/zenfone6/camera
2026-03-13 12:36:59,950 - DEBUG: stat path=/zenfone6/camera
2026-03-13 12:37:00,077 - DEBUG: stat path=/zenfone6/camera
2026-03-13 12:37:00,205 - DEBUG: stat path=/zenfone6/camera
2026-03-13 12:37:00,329 - DEBUG: stat path=/zenfone6/camera
2026-03-13 12:37:00,456 - DEBUG: stat path=/zenfone6/camera
2026-03-13 12:37:00,557 - DEBUG: stat path=/zenfone6/camera
2026-03-13 12:37:00,657 - DEBUG: stat path=/zenfone6/camera
2026-03-13 12:37:00,797 - DEBUG: stat path=/zenfone6/camera
2026-03-13 12:37:00,950 - DEBUG: stat path=/zenfone6/camera
2026-03-13 12:37:01,050 - DEBUG: stat path=/zenfone6/camera
2026-03-13 12:37:01,170 - DEBUG: stat path=/zenfone6/camera
2026-03-13 12:37:01,290 - DEBUG: stat path=/zenfone6/camera
2026-03-13 12:37:01,418 - DEBUG: stat path=/zenfone6/camera
2026-03-13 12:37:01,558 - DEBUG: stat path=/zenfone6/camera
2026-03-13 12:37:01,698 - DEBUG: stat path=/zenfone6/camera
2026-03-13 12:37:01,830 - DEBUG: stat path=/zenfone6/camera
2026-03-13 12:37:01,970 - DEBUG: stat path=/zenfone6/camera
2026-03-13 12:37:02,110 - DEBUG: stat path=/zenfone6/camera
2026-03-13 12:37:02,350 - DEBUG: stat path=/zenfone6/camera
2026-03-13 12:37:03,270 - DEBUG: stat path=/zenfone6/canon
2026-03-13 12:37:03,370 - DEBUG: stat path=/zenfone6/canon
2026-03-13 12:37:03,430 - DEBUG: stat path=/zenfone6/canon
2026-03-13 12:37:03,510 - DEBUG: list_folder path=/zenfone6/canon
2026-03-13 12:37:10,070 - DEBUG: stat path=/zenfone6/canon/20180401121535_IMG_3188.JPG
2026-03-13 12:37:10,230 - DEBUG: ChrootedSFTPServer initialized for davide in /mnt/nvme/naszuin/davide
2026-03-13 12:37:10,309 - DEBUG: session_started called
2026-03-13 12:37:10,390 - DEBUG: canonicalize path=
2026-03-13 12:37:10,470 - DEBUG: stat path=/zenfone6/canon/20180401121535_IMG_3188.JPG
2026-03-13 12:37:10,550 - DEBUG: stat path=/zenfone6/canon/20180401121535_IMG_3188.JPG
2026-03-13 12:37:10,630 - DEBUG: open path=/zenfone6/canon/20180401121535_IMG_3188.JPG flags=0
2026-03-13 12:37:14,711 - DEBUG: session_ended called
2026-03-13 12:37:33,330 - DEBUG: stat path=/zenfone6
2026-03-13 12:37:33,410 - DEBUG: stat path=/zenfone6
2026-03-13 12:37:33,638 - DEBUG: stat path=/zenfone6
2026-03-13 12:37:33,730 - DEBUG: stat path=/zenfone6
2026-03-13 12:37:33,797 - DEBUG: stat path=/zenfone6
2026-03-13 12:37:33,869 - DEBUG: list_folder path=/zenfone6
2026-03-13 12:37:34,550 - DEBUG: stat path=/zenfone6/camera
2026-03-13 12:37:34,630 - DEBUG: stat path=/zenfone6/camera
2026-03-13 12:37:34,730 - DEBUG: stat path=/zenfone6/camera
2026-03-13 12:37:34,797 - DEBUG: stat path=/zenfone6/camera
2026-03-13 12:37:34,838 - DEBUG: stat path=/zenfone6/camera
2026-03-13 12:37:34,897 - DEBUG: list_folder path=/zenfone6/camera
2026-03-13 12:53:46,877 - DEBUG: session_ended called
2026-03-17 23:24:31,504 - DEBUG: ChrootedSFTPServer initialized for davide in /mnt/nvme/naszuin/davide
2026-03-17 23:24:31,560 - DEBUG: session_started called
2026-03-17 23:24:31,566 - DEBUG: canonicalize path=
2026-03-17 23:24:31,571 - DEBUG: stat path=/.
2026-03-17 23:24:31,600 - DEBUG: stat path=/.
2026-03-17 23:24:31,605 - DEBUG: stat path=/.
2026-03-17 23:24:31,610 - DEBUG: list_folder path=/.
2026-03-17 23:24:31,614 - DEBUG: DB size lookup for Prova Logo 3 - 2 pezzi.stl: 1093284 bytes
2026-03-17 23:24:31,666 - DEBUG: DB size lookup for GUIDA AL SERVER NAS.docx: 23046 bytes
2026-03-17 23:24:35,542 - DEBUG: stat path=/zenfone6
2026-03-17 23:24:35,564 - DEBUG: stat path=/zenfone6
2026-03-17 23:24:35,568 - DEBUG: stat path=/zenfone6
2026-03-17 23:24:35,573 - DEBUG: list_folder path=/zenfone6
2026-03-17 23:24:37,609 - DEBUG: stat path=/.
2026-03-17 23:24:37,653 - DEBUG: stat path=/.
2026-03-17 23:24:37,699 - DEBUG: stat path=/.
2026-03-17 23:24:37,724 - DEBUG: stat path=/.
2026-03-17 23:24:37,727 - DEBUG: stat path=/.
2026-03-17 23:24:37,731 - DEBUG: list_folder path=/.
2026-03-17 23:24:37,734 - DEBUG: DB size lookup for Prova Logo 3 - 2 pezzi.stl: 1093284 bytes
2026-03-17 23:24:37,813 - DEBUG: DB size lookup for GUIDA AL SERVER NAS.docx: 23046 bytes
2026-03-17 23:24:46,889 - DEBUG: session_ended called
